2025-04-10 03:33:46,599 - INFO - src.core.config - food_router created successfully
2025-04-10 03:33:59,995 - INFO - src.core.config - food_router created successfully
2025-04-10 03:34:13,806 - INFO - src.core.config - food_router created successfully
2025-04-10 03:37:49,901 - INFO - src.core.config - food_router created successfully
2025-04-10 03:38:06,422 - INFO - src.core.config - food_router created successfully
2025-04-10 03:38:13,823 - INFO - src.core.config - food_router created successfully
2025-04-10 03:38:45,693 - INFO - src.core.config - food_router created successfully
2025-04-10 03:40:00,388 - INFO - src.core.config - food_router created successfully
2025-04-10 03:40:47,664 - INFO - src.core.config - food_router created successfully
2025-04-10 03:40:47,707 - INFO - src.core.config - Auth router included with routes: [APIRoute(path='/auth/token', name='login', methods=['POST']), APIRoute(path='/auth/me', name='read_me', methods=['GET']), APIRoute(path='/auth/refresh', name='refresh_token', methods=['POST'])]
2025-04-10 03:40:47,714 - INFO - src.core.config - Clients router included with routes: [APIRoute(path='/users', name='create_user', methods=['POST']), APIRoute(path='/users', name='get_users', methods=['GET']), APIRoute(path='/users/{user_id}', name='update_user', methods=['PUT']), APIRoute(path='/users/{user_id}', name='delete_user', methods=['DELETE'])]
2025-04-10 03:40:47,718 - INFO - src.core.config - Food router included with routes: [APIRoute(path='/food/search-and-add-food/', name='search_and_add_food', methods=['POST']), APIRoute(path='/food/food/', name='add_food', methods=['POST'])]
2025-04-10 03:40:47,718 - INFO - src.core.config - Starting up application...
2025-04-10 03:41:09,340 - INFO - src.core.config - food_router created successfully
2025-04-10 03:41:09,381 - INFO - src.core.config - Auth router included with routes: [APIRoute(path='/auth/token', name='login', methods=['POST']), APIRoute(path='/auth/me', name='read_me', methods=['GET']), APIRoute(path='/auth/refresh', name='refresh_token', methods=['POST'])]
2025-04-10 03:41:09,384 - INFO - src.core.config - Clients router included with routes: [APIRoute(path='/users', name='create_user', methods=['POST']), APIRoute(path='/users', name='get_users', methods=['GET']), APIRoute(path='/users/{user_id}', name='update_user', methods=['PUT']), APIRoute(path='/users/{user_id}', name='delete_user', methods=['DELETE'])]
2025-04-10 03:41:09,387 - INFO - src.core.config - Food router included with routes: [APIRoute(path='/food/search-and-add-food/', name='search_and_add_food', methods=['POST']), APIRoute(path='/food/food/', name='add_food', methods=['POST'])]
2025-04-10 03:41:09,387 - INFO - src.core.config - Starting up application...
2025-04-10 03:41:28,152 - INFO - src.core.config - Shutting down application...
2025-04-11 15:01:49,559 - INFO - src.core.config - Auth router included with routes: [APIRoute(path='/db', name='setup_database', methods=['POST'])]
2025-04-11 15:01:49,579 - INFO - src.core.config - Auth router included with routes: [APIRoute(path='/auth/token', name='login', methods=['POST']), APIRoute(path='/auth/me', name='read_me', methods=['GET']), APIRoute(path='/auth/refresh', name='refresh_token', methods=['POST'])]
2025-04-11 15:01:49,584 - INFO - src.core.config - Clients router included with routes: [APIRoute(path='/users', name='create_user', methods=['POST']), APIRoute(path='/users', name='get_users', methods=['GET']), APIRoute(path='/users/{user_id}', name='update_user', methods=['PUT']), APIRoute(path='/users/{user_id}', name='delete_user', methods=['DELETE'])]
2025-04-11 15:01:49,584 - INFO - src.core.config - Food router included with routes: [APIRoute(path='/food/search-and-add-food/', name='search_and_add_food', methods=['POST'])]
2025-04-11 15:01:49,584 - INFO - src.core.config - Starting up application...
2025-04-11 15:04:38,024 - INFO - src.core.config - Shutting down application...
2025-05-17 11:48:41,341 - INFO - src.core.config - Auth router included with routes: [APIRoute(path='/db', name='setup_database', methods=['POST'])]
2025-05-17 11:48:41,341 - INFO - src.core.config - Auth router included with routes: [APIRoute(path='/auth/token', name='login', methods=['POST']), APIRoute(path='/auth/me', name='read_me', methods=['GET']), APIRoute(path='/auth/refresh', name='refresh_token', methods=['POST']), APIRoute(path='/auth/register', name='register', methods=['POST'])]
2025-05-17 11:48:41,341 - INFO - src.core.config - Clients router included with routes: [APIRoute(path='/users', name='create_user', methods=['POST']), APIRoute(path='/users', name='get_users', methods=['GET']), APIRoute(path='/users/{user_id}', name='update_user', methods=['PUT']), APIRoute(path='/users/{user_id}', name='delete_user', methods=['DELETE'])]
2025-05-17 11:48:41,357 - INFO - src.core.config - Food router included with routes: [APIRoute(path='/food/search-and-add-food/', name='search_and_add_food', methods=['POST'])]
2025-05-17 11:48:41,363 - INFO - src.core.config - Starting up application...
2025-05-17 12:33:34,203 - INFO - src.core.config - Shutting down application...
2025-05-17 13:39:47,422 - INFO - src.core.config - Auth router included with routes: [APIRoute(path='/db', name='setup_database', methods=['POST'])]
2025-05-17 13:39:47,427 - INFO - src.core.config - Auth router included with routes: [APIRoute(path='/auth/token', name='login', methods=['POST']), APIRoute(path='/auth/me', name='read_me', methods=['GET']), APIRoute(path='/auth/refresh', name='refresh_token', methods=['POST']), APIRoute(path='/auth/register', name='register', methods=['POST'])]
2025-05-17 13:39:47,429 - INFO - src.core.config - Clients router included with routes: [APIRoute(path='/users', name='create_user', methods=['POST']), APIRoute(path='/users', name='get_users', methods=['GET']), APIRoute(path='/users/{user_id}', name='update_user', methods=['PUT']), APIRoute(path='/users/{user_id}', name='delete_user', methods=['DELETE'])]
2025-05-17 13:39:47,432 - INFO - src.core.config - Food router included with routes: [APIRoute(path='/food/search-and-add-food/', name='search_and_add_food', methods=['POST'])]
2025-05-17 13:39:47,432 - INFO - src.core.config - Starting up application...
2025-05-17 13:51:03,076 - INFO - src.core.config - Creating user with username: string
2025-05-17 13:51:07,183 - ERROR - src.core.config - Error creating user: Multiple exceptions: [Errno 10061] Connect call failed ('::1', 5432, 0, 0), [Errno 10061] Connect call failed ('127.0.0.1', 5432)
Traceback (most recent call last):
  File "C:\Users\Kirill\gymhepler\backend\src\api\routes\clients.py", line 71, in create_user
    await check_table_exists(db)
  File "C:\Users\Kirill\gymhepler\backend\src\api\routes\clients.py", line 43, in check_table_exists
    await db.execute(select(1).select_from(Users).limit(1))
  File "C:\Users\Kirill\gymhepler\.venv\Lib\site-packages\sqlalchemy\ext\asyncio\session.py", line 463, in execute
    result = await greenlet_spawn(
             ^^^^^^^^^^^^^^^^^^^^^
  File "C:\Users\Kirill\gymhepler\.venv\Lib\site-packages\sqlalchemy\util\_concurrency_py3k.py", line 201, in greenlet_spawn
    result = context.throw(*sys.exc_info())
             ^^^^^^^^^^^^^^^^^^^^^^^^^^^^^^
  File "C:\Users\Kirill\gymhepler\.venv\Lib\site-packages\sqlalchemy\orm\session.py", line 2365, in execute
    return self._execute_internal(
           ^^^^^^^^^^^^^^^^^^^^^^^
  File "C:\Users\Kirill\gymhepler\.venv\Lib\site-packages\sqlalchemy\orm\session.py", line 2241, in _execute_internal
    conn = self._connection_for_bind(bind)
           ^^^^^^^^^^^^^^^^^^^^^^^^^^^^^^^
  File "C:\Users\Kirill\gymhepler\.venv\Lib\site-packages\sqlalchemy\orm\session.py", line 2110, in _connection_for_bind
    return trans._connection_for_bind(engine, execution_options)
           ^^^^^^^^^^^^^^^^^^^^^^^^^^^^^^^^^^^^^^^^^^^^^^^^^^^^^
  File "<string>", line 2, in _connection_for_bind
  File "C:\Users\Kirill\gymhepler\.venv\Lib\site-packages\sqlalchemy\orm\state_changes.py", line 139, in _go
    ret_value = fn(self, *arg, **kw)
                ^^^^^^^^^^^^^^^^^^^^
  File "C:\Users\Kirill\gymhepler\.venv\Lib\site-packages\sqlalchemy\orm\session.py", line 1189, in _connection_for_bind
    conn = bind.connect()
           ^^^^^^^^^^^^^^
  File "C:\Users\Kirill\gymhepler\.venv\Lib\site-packages\sqlalchemy\engine\base.py", line 3274, in connect
    return self._connection_cls(self)
           ^^^^^^^^^^^^^^^^^^^^^^^^^^
  File "C:\Users\Kirill\gymhepler\.venv\Lib\site-packages\sqlalchemy\engine\base.py", line 146, in __init__
    self._dbapi_connection = engine.raw_connection()
                             ^^^^^^^^^^^^^^^^^^^^^^^
  File "C:\Users\Kirill\gymhepler\.venv\Lib\site-packages\sqlalchemy\engine\base.py", line 3298, in raw_connection
    return self.pool.connect()
           ^^^^^^^^^^^^^^^^^^^
  File "C:\Users\Kirill\gymhepler\.venv\Lib\site-packages\sqlalchemy\pool\base.py", line 449, in connect
    return _ConnectionFairy._checkout(self)
           ^^^^^^^^^^^^^^^^^^^^^^^^^^^^^^^^
  File "C:\Users\Kirill\gymhepler\.venv\Lib\site-packages\sqlalchemy\pool\base.py", line 1264, in _checkout
    fairy = _ConnectionRecord.checkout(pool)
            ^^^^^^^^^^^^^^^^^^^^^^^^^^^^^^^^
  File "C:\Users\Kirill\gymhepler\.venv\Lib\site-packages\sqlalchemy\pool\base.py", line 713, in checkout
    rec = pool._do_get()
          ^^^^^^^^^^^^^^
  File "C:\Users\Kirill\gymhepler\.venv\Lib\site-packages\sqlalchemy\pool\impl.py", line 179, in _do_get
    with util.safe_reraise():
  File "C:\Users\Kirill\gymhepler\.venv\Lib\site-packages\sqlalchemy\util\langhelpers.py", line 146, in __exit__
    raise exc_value.with_traceback(exc_tb)
  File "C:\Users\Kirill\gymhepler\.venv\Lib\site-packages\sqlalchemy\pool\impl.py", line 177, in _do_get
    return self._create_connection()
           ^^^^^^^^^^^^^^^^^^^^^^^^^
  File "C:\Users\Kirill\gymhepler\.venv\Lib\site-packages\sqlalchemy\pool\base.py", line 390, in _create_connection
    return _ConnectionRecord(self)
           ^^^^^^^^^^^^^^^^^^^^^^^
  File "C:\Users\Kirill\gymhepler\.venv\Lib\site-packages\sqlalchemy\pool\base.py", line 675, in __init__
    self.__connect()
  File "C:\Users\Kirill\gymhepler\.venv\Lib\site-packages\sqlalchemy\pool\base.py", line 901, in __connect
    with util.safe_reraise():
  File "C:\Users\Kirill\gymhepler\.venv\Lib\site-packages\sqlalchemy\util\langhelpers.py", line 146, in __exit__
    raise exc_value.with_traceback(exc_tb)
  File "C:\Users\Kirill\gymhepler\.venv\Lib\site-packages\sqlalchemy\pool\base.py", line 897, in __connect
    self.dbapi_connection = connection = pool._invoke_creator(self)
                                         ^^^^^^^^^^^^^^^^^^^^^^^^^^
  File "C:\Users\Kirill\gymhepler\.venv\Lib\site-packages\sqlalchemy\engine\create.py", line 646, in connect
    return dialect.connect(*cargs, **cparams)
           ^^^^^^^^^^^^^^^^^^^^^^^^^^^^^^^^^^
  File "C:\Users\Kirill\gymhepler\.venv\Lib\site-packages\sqlalchemy\engine\default.py", line 622, in connect
    return self.loaded_dbapi.connect(*cargs, **cparams)
           ^^^^^^^^^^^^^^^^^^^^^^^^^^^^^^^^^^^^^^^^^^^^
  File "C:\Users\Kirill\gymhepler\.venv\Lib\site-packages\sqlalchemy\dialects\postgresql\asyncpg.py", line 961, in connect
    await_only(creator_fn(*arg, **kw)),
    ^^^^^^^^^^^^^^^^^^^^^^^^^^^^^^^^^^
  File "C:\Users\Kirill\gymhepler\.venv\Lib\site-packages\sqlalchemy\util\_concurrency_py3k.py", line 132, in await_only
    return current.parent.switch(awaitable)  # type: ignore[no-any-return,attr-defined] # noqa: E501
           ^^^^^^^^^^^^^^^^^^^^^^^^^^^^^^^^
  File "C:\Users\Kirill\gymhepler\.venv\Lib\site-packages\sqlalchemy\util\_concurrency_py3k.py", line 196, in greenlet_spawn
    value = await result
            ^^^^^^^^^^^^
  File "C:\Users\Kirill\gymhepler\.venv\Lib\site-packages\asyncpg\connection.py", line 2421, in connect
    return await connect_utils._connect(
           ^^^^^^^^^^^^^^^^^^^^^^^^^^^^^
  File "C:\Users\Kirill\gymhepler\.venv\Lib\site-packages\asyncpg\connect_utils.py", line 1075, in _connect
    raise last_error or exceptions.TargetServerAttributeNotMatched(
  File "C:\Users\Kirill\gymhepler\.venv\Lib\site-packages\asyncpg\connect_utils.py", line 1049, in _connect
    conn = await _connect_addr(
           ^^^^^^^^^^^^^^^^^^^^
  File "C:\Users\Kirill\gymhepler\.venv\Lib\site-packages\asyncpg\connect_utils.py", line 886, in _connect_addr
    return await __connect_addr(params, True, *args)
           ^^^^^^^^^^^^^^^^^^^^^^^^^^^^^^^^^^^^^^^^^
  File "C:\Users\Kirill\gymhepler\.venv\Lib\site-packages\asyncpg\connect_utils.py", line 931, in __connect_addr
    tr, pr = await connector
             ^^^^^^^^^^^^^^^
  File "C:\Users\Kirill\gymhepler\.venv\Lib\site-packages\asyncpg\connect_utils.py", line 802, in _create_ssl_connection
    tr, pr = await loop.create_connection(
             ^^^^^^^^^^^^^^^^^^^^^^^^^^^^^
  File "C:\Users\Kirill\AppData\Local\Programs\Python\Python311\Lib\asyncio\base_events.py", line 1094, in create_connection
    raise OSError('Multiple exceptions: {}'.format(
OSError: Multiple exceptions: [Errno 10061] Connect call failed ('::1', 5432, 0, 0), [Errno 10061] Connect call failed ('127.0.0.1', 5432)
2025-05-17 13:51:32,628 - INFO - src.core.config - Creating user with username: st
2025-05-17 13:51:36,750 - ERROR - src.core.config - Error creating user: Multiple exceptions: [Errno 10061] Connect call failed ('::1', 5432, 0, 0), [Errno 10061] Connect call failed ('127.0.0.1', 5432)
Traceback (most recent call last):
  File "C:\Users\Kirill\gymhepler\backend\src\api\routes\clients.py", line 71, in create_user
    await check_table_exists(db)
  File "C:\Users\Kirill\gymhepler\backend\src\api\routes\clients.py", line 43, in check_table_exists
    await db.execute(select(1).select_from(Users).limit(1))
  File "C:\Users\Kirill\gymhepler\.venv\Lib\site-packages\sqlalchemy\ext\asyncio\session.py", line 463, in execute
    result = await greenlet_spawn(
             ^^^^^^^^^^^^^^^^^^^^^
  File "C:\Users\Kirill\gymhepler\.venv\Lib\site-packages\sqlalchemy\util\_concurrency_py3k.py", line 201, in greenlet_spawn
    result = context.throw(*sys.exc_info())
             ^^^^^^^^^^^^^^^^^^^^^^^^^^^^^^
  File "C:\Users\Kirill\gymhepler\.venv\Lib\site-packages\sqlalchemy\orm\session.py", line 2365, in execute
    return self._execute_internal(
           ^^^^^^^^^^^^^^^^^^^^^^^
  File "C:\Users\Kirill\gymhepler\.venv\Lib\site-packages\sqlalchemy\orm\session.py", line 2241, in _execute_internal
    conn = self._connection_for_bind(bind)
           ^^^^^^^^^^^^^^^^^^^^^^^^^^^^^^^
  File "C:\Users\Kirill\gymhepler\.venv\Lib\site-packages\sqlalchemy\orm\session.py", line 2110, in _connection_for_bind
    return trans._connection_for_bind(engine, execution_options)
           ^^^^^^^^^^^^^^^^^^^^^^^^^^^^^^^^^^^^^^^^^^^^^^^^^^^^^
  File "<string>", line 2, in _connection_for_bind
  File "C:\Users\Kirill\gymhepler\.venv\Lib\site-packages\sqlalchemy\orm\state_changes.py", line 139, in _go
    ret_value = fn(self, *arg, **kw)
                ^^^^^^^^^^^^^^^^^^^^
  File "C:\Users\Kirill\gymhepler\.venv\Lib\site-packages\sqlalchemy\orm\session.py", line 1189, in _connection_for_bind
    conn = bind.connect()
           ^^^^^^^^^^^^^^
  File "C:\Users\Kirill\gymhepler\.venv\Lib\site-packages\sqlalchemy\engine\base.py", line 3274, in connect
    return self._connection_cls(self)
           ^^^^^^^^^^^^^^^^^^^^^^^^^^
  File "C:\Users\Kirill\gymhepler\.venv\Lib\site-packages\sqlalchemy\engine\base.py", line 146, in __init__
    self._dbapi_connection = engine.raw_connection()
                             ^^^^^^^^^^^^^^^^^^^^^^^
  File "C:\Users\Kirill\gymhepler\.venv\Lib\site-packages\sqlalchemy\engine\base.py", line 3298, in raw_connection
    return self.pool.connect()
           ^^^^^^^^^^^^^^^^^^^
  File "C:\Users\Kirill\gymhepler\.venv\Lib\site-packages\sqlalchemy\pool\base.py", line 449, in connect
    return _ConnectionFairy._checkout(self)
           ^^^^^^^^^^^^^^^^^^^^^^^^^^^^^^^^
  File "C:\Users\Kirill\gymhepler\.venv\Lib\site-packages\sqlalchemy\pool\base.py", line 1264, in _checkout
    fairy = _ConnectionRecord.checkout(pool)
            ^^^^^^^^^^^^^^^^^^^^^^^^^^^^^^^^
  File "C:\Users\Kirill\gymhepler\.venv\Lib\site-packages\sqlalchemy\pool\base.py", line 713, in checkout
    rec = pool._do_get()
          ^^^^^^^^^^^^^^
  File "C:\Users\Kirill\gymhepler\.venv\Lib\site-packages\sqlalchemy\pool\impl.py", line 179, in _do_get
    with util.safe_reraise():
  File "C:\Users\Kirill\gymhepler\.venv\Lib\site-packages\sqlalchemy\util\langhelpers.py", line 146, in __exit__
    raise exc_value.with_traceback(exc_tb)
  File "C:\Users\Kirill\gymhepler\.venv\Lib\site-packages\sqlalchemy\pool\impl.py", line 177, in _do_get
    return self._create_connection()
           ^^^^^^^^^^^^^^^^^^^^^^^^^
  File "C:\Users\Kirill\gymhepler\.venv\Lib\site-packages\sqlalchemy\pool\base.py", line 390, in _create_connection
    return _ConnectionRecord(self)
           ^^^^^^^^^^^^^^^^^^^^^^^
  File "C:\Users\Kirill\gymhepler\.venv\Lib\site-packages\sqlalchemy\pool\base.py", line 675, in __init__
    self.__connect()
  File "C:\Users\Kirill\gymhepler\.venv\Lib\site-packages\sqlalchemy\pool\base.py", line 901, in __connect
    with util.safe_reraise():
  File "C:\Users\Kirill\gymhepler\.venv\Lib\site-packages\sqlalchemy\util\langhelpers.py", line 146, in __exit__
    raise exc_value.with_traceback(exc_tb)
  File "C:\Users\Kirill\gymhepler\.venv\Lib\site-packages\sqlalchemy\pool\base.py", line 897, in __connect
    self.dbapi_connection = connection = pool._invoke_creator(self)
                                         ^^^^^^^^^^^^^^^^^^^^^^^^^^
  File "C:\Users\Kirill\gymhepler\.venv\Lib\site-packages\sqlalchemy\engine\create.py", line 646, in connect
    return dialect.connect(*cargs, **cparams)
           ^^^^^^^^^^^^^^^^^^^^^^^^^^^^^^^^^^
  File "C:\Users\Kirill\gymhepler\.venv\Lib\site-packages\sqlalchemy\engine\default.py", line 622, in connect
    return self.loaded_dbapi.connect(*cargs, **cparams)
           ^^^^^^^^^^^^^^^^^^^^^^^^^^^^^^^^^^^^^^^^^^^^
  File "C:\Users\Kirill\gymhepler\.venv\Lib\site-packages\sqlalchemy\dialects\postgresql\asyncpg.py", line 961, in connect
    await_only(creator_fn(*arg, **kw)),
    ^^^^^^^^^^^^^^^^^^^^^^^^^^^^^^^^^^
  File "C:\Users\Kirill\gymhepler\.venv\Lib\site-packages\sqlalchemy\util\_concurrency_py3k.py", line 132, in await_only
    return current.parent.switch(awaitable)  # type: ignore[no-any-return,attr-defined] # noqa: E501
           ^^^^^^^^^^^^^^^^^^^^^^^^^^^^^^^^
  File "C:\Users\Kirill\gymhepler\.venv\Lib\site-packages\sqlalchemy\util\_concurrency_py3k.py", line 196, in greenlet_spawn
    value = await result
            ^^^^^^^^^^^^
  File "C:\Users\Kirill\gymhepler\.venv\Lib\site-packages\asyncpg\connection.py", line 2421, in connect
    return await connect_utils._connect(
           ^^^^^^^^^^^^^^^^^^^^^^^^^^^^^
  File "C:\Users\Kirill\gymhepler\.venv\Lib\site-packages\asyncpg\connect_utils.py", line 1075, in _connect
    raise last_error or exceptions.TargetServerAttributeNotMatched(
  File "C:\Users\Kirill\gymhepler\.venv\Lib\site-packages\asyncpg\connect_utils.py", line 1049, in _connect
    conn = await _connect_addr(
           ^^^^^^^^^^^^^^^^^^^^
  File "C:\Users\Kirill\gymhepler\.venv\Lib\site-packages\asyncpg\connect_utils.py", line 886, in _connect_addr
    return await __connect_addr(params, True, *args)
           ^^^^^^^^^^^^^^^^^^^^^^^^^^^^^^^^^^^^^^^^^
  File "C:\Users\Kirill\gymhepler\.venv\Lib\site-packages\asyncpg\connect_utils.py", line 931, in __connect_addr
    tr, pr = await connector
             ^^^^^^^^^^^^^^^
  File "C:\Users\Kirill\gymhepler\.venv\Lib\site-packages\asyncpg\connect_utils.py", line 802, in _create_ssl_connection
    tr, pr = await loop.create_connection(
             ^^^^^^^^^^^^^^^^^^^^^^^^^^^^^
  File "C:\Users\Kirill\AppData\Local\Programs\Python\Python311\Lib\asyncio\base_events.py", line 1094, in create_connection
    raise OSError('Multiple exceptions: {}'.format(
OSError: Multiple exceptions: [Errno 10061] Connect call failed ('::1', 5432, 0, 0), [Errno 10061] Connect call failed ('127.0.0.1', 5432)
